// Jest Snapshot v1, https://goo.gl/fbAQLP

exports[`ObjectExpression with a computed property name 1`] = `
['source.ts', [
    ['meta.var.expr', [
        ['storage.type', 'const'],
        ['', ' '],
        ['meta.var-single-variable.expr', [
            ['meta.definition.variable', [
                ['variable.other.constant', 'FOO']
            ]],
            ['', ' ']
        ]],
        ['keyword.operator.assignment', '='],
        ['', ' '],
        ['variable.other.readwrite', 'Symbol'],
        ['', '()']
    ]],
    ['punctuation.terminator.statement', ';'],
    ['', '\\n'],
    ['meta.var.expr', [
        ['storage.type', 'const'],
        ['', ' '],
        ['meta.var-single-variable.expr', [
            ['meta.definition.variable', [
                ['variable.other.readwrite', 'bar']
            ]],
            ['', ' ']
        ]],
        ['keyword.operator.assignment', '='],
        ['', ' '],
        ['string.quoted.single', [
            ['punctuation.definition.string.start', '\\''],
            ['', 'bar'],
            ['punctuation.definition.string.end', '\\'']
        ]]
    ]],
    ['punctuation.terminator.statement', ';'],
    ['', '\\n'],
    ['meta.var.expr', [
        ['storage.type', 'let'],
        ['', ' '],
        ['meta.var-single-variable.expr', [
            ['meta.definition.variable', [
                ['variable.other.readwrite', 'x']
            ]],
            ['', ' ']
        ]],
        ['keyword.operator.assignment', '='],
        ['', ' '],
        ['meta.objectliteral', [
            ['punctuation.definition.block', '{'],
            ['', '\\n    '],
            ['meta.object.member', [
                ['meta.object-literal.key', [
                    ['meta.array.literal', [
                        ['meta.brace.square', '['],
                        ['variable.other.constant', 'FOO'],
                        ['meta.brace.square', ']']
                    ]],
                    ['punctuation.separator.key-value', ':']
                ]],
                ['', ' '],
                ['string.quoted.single', [
                    ['punctuation.definition.string.start', '\\''],
                    ['', 'bar'],
                    ['punctuation.definition.string.end', '\\'']
                ]]
            ]],
            ['punctuation.separator.comma', ','],
            ['', '\\n    '],
            ['meta.object.member', [
                ['meta.object-literal.key', [
                    ['meta.array.literal', [
                        ['meta.brace.square', '['],
                        ['variable.other.readwrite', 'bar'],
                        ['', ' '],
                        ['keyword.operator.arithmetic', '+'],
                        ['', ' '],
                        ['constant.numeric.decimal', '4'],
                        ['meta.brace.square', ']']
                    ]],
                    ['punctuation.separator.key-value', ':']
                ]],
                ['', ' '],
                ['constant.numeric.decimal', '3']
            ]],
            ['punctuation.separator.comma', ','],
            ['', '\\n    '],
            ['meta.object.member', [
                ['meta.object-literal.key', [
                    ['meta.array.literal', [
                        ['meta.brace.square', '['],
                        ['constant.numeric.decimal', '5'],
                        ['meta.brace.square', ']']
                    ]],
                    ['punctuation.separator.key-value', ':']
                ]],
                ['', ' '],
                ['variable.other.readwrite', 'five']
            ]],
            ['', '\\n'],
            ['punctuation.definition.block', '}']
        ]]
    ]],
    ['', '\\n']
]]

`;
